<?xml version="1.0" encoding="utf-8"?><testsuites name="pytest tests"><testsuite name="pytest" errors="0" failures="0" skipped="0" tests="1" time="0.028" timestamp="2026-09-01T20:48:12.232065+01:00" hostname="UKC-8K4T3M3"><testcase classname="test_example" name="test_add" time="0.002" /></testsuite></testsuites>